=== GAZEBO RE-VERIFY start Sat Aug 29 23:27:50 BST 2026 ===
[gen] 6-rotor mass=5.54kg inertia=(0.1827, 0.1827, 0.2726) area=0.010240 max_rotor=482rad/s FRAME_CLASS=2 [calibrated]
[diag] thrust sweep: TWR(model)=2.50, hover_required=2913RPM (0.63 of max), sdf_can_hover=True
[docker] container up, gz sim loading our airframe ...
[sitl] arducopter pid=19053, connecting ...
[sitl] heartbeat ok, waiting for EKF absolute position (FDM loop) ...
[sitl] EKF ready — FDM loop closed. ALT_HOLD + arm + climb (baro, no GPS) ...
[sitl] in GUIDED; settling EKF before arm ...
[sitl] STATUSTEXT: Field Elevation Set: 584m
[sitl] STATUSTEXT: EKF3 IMU0 initialised
[sitl] STATUSTEXT: EKF3 IMU1 initialised
[sitl] STATUSTEXT: EKF3 IMU0 tilt alignment complete
[sitl] STATUSTEXT: EKF3 IMU1 tilt alignment complete
[sitl] STATUSTEXT: GPS 1: probing for u-blox at 230400 baud
[sitl] STATUSTEXT: GPS 1: detected u-blox
[sitl] STATUSTEXT: Arm: Accels inconsistent
[sitl] STATUSTEXT: Arming motors
[sitl] ARMED. GUIDED takeoff ...
[sitl] GUIDED takeoff produced insufficient climb; falling back to ALT_HOLD with datasheet-hover throttle seed ...
[att] hover RMS: {'roll_rms_deg': 0.00830510606280452, 'pitch_rms_deg': 0.008327629037248294, 'n': 313, 'rms_deg': 0.008327629037248294}
[sitl] climb peak=8.70 m; steady hover sampled. rotor |omega|~295.8 rad/s (2824 RPM)
[payload] release detected=True delay=0.6764863749995129 s z=8.80278->8.31208
[sitl] forward dash (pitch fwd, hold alt) ...
[wind] injected=True 15.0m/s headwind; baseline groundspeed=13.7m/s
[nilwind] dash speed=21.0 m/s (peak 22.5, n=74)
[att] cruise RMS: {'roll_rms_deg': 0.004920804069820478, 'pitch_rms_deg': 0.010392407613112128, 'n': 74, 'rms_deg': 0.010392407613112128}
[parachute] model observed=True delay=0.040643791000547935 s limit=0.5s
[FWD] speed=28.8 m/s  hover_rpm=2824  fwd_rpm=2331
[WIND] groundspeed=28.8m/s alignment=0.9999545502616829 under 15.0m/s headwind; drag-area backout suppressed because airspeed != groundspeed
[RESULT] climb_peak=8.70m  hover_alt=8.69m  alt_band=±0.01m  hover_throttle=38%
[RESULT] dynamics: STABLE hover @ 38% throttle
[gen] 6-rotor mass=5.54kg inertia=(0.1827, 0.1827, 0.2726) area=0.010240 max_rotor=482rad/s FRAME_CLASS=2 [calibrated] [MOTOR 0 FAILED]
[diag] thrust sweep: TWR(model)=2.50, hover_required=2913RPM (0.63 of max), sdf_can_hover=True
[docker] container up, gz sim loading our airframe ...
[sitl] arducopter pid=19454, connecting ...
[sitl] heartbeat ok, waiting for EKF absolute position (FDM loop) ...
[sitl] EKF ready — FDM loop closed. ALT_HOLD + arm + climb (baro, no GPS) ...
[sitl] in GUIDED; settling EKF before arm ...
[sitl] STATUSTEXT: Field Elevation Set: 584m
[sitl] STATUSTEXT: EKF3 IMU0 initialised
[sitl] STATUSTEXT: EKF3 IMU1 initialised
[sitl] STATUSTEXT: EKF3 IMU0 tilt alignment complete
[sitl] STATUSTEXT: EKF3 IMU1 tilt alignment complete
[sitl] STATUSTEXT: GPS 1: probing for u-blox at 230400 baud
[sitl] STATUSTEXT: GPS 1: detected u-blox
[sitl] STATUSTEXT: Arm: Accels inconsistent
[sitl] STATUSTEXT: Arming motors
[sitl] STATUSTEXT: EKF3 IMU0 origin set
[sitl] STATUSTEXT: EKF3 IMU1 origin set
[sitl] ARMED. GUIDED takeoff ...
[sitl] GUIDED takeoff produced insufficient climb; falling back to ALT_HOLD with datasheet-hover throttle seed ...
[sitl] climb peak=6.62 m; steady hover sampled. rotor |omega|~420.0 rad/s (4011 RPM)
[sitl] forward dash (pitch fwd, hold alt) ...
[nilwind] dash speed=19.7 m/s (peak 22.0, n=91)
[FWD] speed=19.7 m/s  hover_rpm=4011  fwd_rpm=3474
[FWD] Gazebo power (per-rotor): hover 1279 W → forward 870 W  | analytical@20m/s = 495 W  | backed-out drag area f=0.130 m²
[RESULT] climb_peak=6.62m  hover_alt=0.09m  alt_band=±0.00m  hover_throttle=100%
[RESULT] dynamics: did NOT achieve stable hover
{
  "status": "FAIL",
  "dry_run": false,
  "req_results": [
    {
      "req_id": "REQ-SAFE-007",
      "check": "single_motor_out",
      "status": "FAIL",
      "message": "Gazebo one-motor-out hover did not remain stable"
    },
    {
      "req_id": "REQ-PERF-004",
      "check": "wind_condition",
      "status": "PARTIAL",
      "message": "Gazebo closed-loop flight held 28.78 m/s ground speed in a 15.0 m/s injected headwind (minimum 2.0, opposition alignment=0.9999545502616829); WindEffects uses a lumped 0.05 m^2 drag-area local linearization"
    },
    {
      "req_id": "REQ-PERF-005",
      "check": "timed_actuation",
      "status": "PARTIAL",
      "message": "delivery-coordinate condition satisfied → physical detachable-joint separation delay=1.294 s (limit 2.0 s; command→separation 0.6764863749995129 s, detected=True); the coordinate condition was evaluated by the harness, not by generated mission logic"
    },
    {
      "req_id": "REQ-FUNC-005",
      "check": "positional_release",
      "status": "PARTIAL",
      "message": "Harness triggered physical payload release at horizontal position error 0.7989850650481954 m (limit 1.0 m); this exercises trajectory/position/actuator coupling but not generated mission-logic ownership of the trigger"
    },
    {
      "req_id": "REQ-SAFE-005",
      "check": "parachute_deploy_timing",
      "status": "PARTIAL",
      "message": "MAV_CMD_DO_PARACHUTE to Gazebo parachute model creation/attachment delay=0.040643791000547935 s (limit 0.5 s, observed=True); critical-failure detection and precedence were not injected by this subcheck"
    },
    {
      "req_id": "REQ-PERF-003",
      "check": "cruise_speed",
      "status": "PASS",
      "message": "Gazebo nil-wind level dash held 20.97 m/s mean ground speed (peak 22.51 m/s; requirement >= 18.0 m/s); no wind injected during this segment, altitude held in ALT_HOLD, ground speed = airspeed in nil wind"
    },
    {
      "req_id": "REQ-PERF-001",
      "check": "cruise_attitude",
      "status": "PARTIAL",
      "message": "Gazebo cruise attitude RMS 0.010 deg about the window mean (roll 0.005 / pitch 0.010 deg, n=74) during the nil-wind dash at ~19.1 m/s (limit 0.5 deg RMS); single speed point — 'all authorised speeds' not swept"
    },
    {
      "req_id": "REQ-FUNC-003",
      "check": "payload_attitude",
      "status": "PARTIAL",
      "message": "Gazebo hover with 1.5 kg payload attached: attitude RMS 0.008 deg (limit 1.0 deg, n=313), hover throttle 37.94915254237288% -> margin 62.1% (required >= 30%); carry-hover window only — cruise-transport attitude not swept"
    },
    {
      "req_id": "REQ-FUNC-002",
      "check": "obstacle_avoidance",
      "message": "obstacle/contact physics are Gazebo-tier; no implemented Gazebo check has produced evidence yet",
      "requirement_text": "REQ-FUNC-002: When approaching a stationary collision threat directly ahead within the forward sensor field of view at a closing speed no greater than 1.5 m/s, the system shall execute an avoidance manoeuvre following threat detection no later than 15 metres, maintaining an airframe-to-obstacle separation of at least 5 metres.",
      "status": "PLANNED"
    }
  ],
  "report_json": "/Users/huangsongyi/VSCode/Prototyping/examples/output/reverify-instrument-5af6c666/gazebo_feasibility_report.json"
}
=== GAZEBO exit=2 Sat Aug 29 23:33:09 BST 2026 ===
=== SITL RE-VERIFY start Sat Aug 29 23:33:09 BST 2026 ===
=== Traceability blocked ===
REQ_SAFE_005: traceability mismatch: PARACHUTE_DEPLOY expects one of ['CMD_PARACHUTE'], but action onParachute sends ['CRITICALPROPULSIONFAILURE']
=== SITL flight feasibility ===
  ▶ ArduCopter SITL 启动中 (PID 19719) ...
  ✓ SITL 已就绪（EKF 绝对位置已锁定），监听 tcp:127.0.0.1:5760
  ■ ArduCopter SITL 已停止 (PID 19719)
{
  "passed": true,
  "arm": true,
  "takeoff": true,
  "max_climb_m": 3.272,
  "hover": {
    "stable_hover": true,
    "altitude_min_m": 3.467,
    "altitude_max_m": 5.061,
    "altitude_span_m": 1.594,
    "hover_throttle_pct_mean": 36.8,
    "max_tilt_rad": 0.005,
    "twr_sanity": "climb achieved and stable hover observed"
  },
  "message": "stable hover observed"
}

=== SITL L2 safety ===

[L2] 运行测试 REQ_SAFE_004 ...
  ▶ ArduCopter SITL 启动中 (PID 19767) ...
  ✓ SITL 已就绪（EKF 绝对位置已锁定），监听 tcp:127.0.0.1:5760
  ■ ArduCopter SITL 已停止 (PID 19767)

[L2] 运行测试 REQ_SAFE_003 ...
  ▶ ArduCopter SITL 启动中 (PID 19893) ...
  ✓ SITL 已就绪（EKF 绝对位置已锁定），监听 tcp:127.0.0.1:5760
  ■ ArduCopter SITL 已停止 (PID 19893)

[L2] 运行测试 REQ_SAFE_006 ...
  ▶ ArduCopter SITL 启动中 (PID 20001) ...
  ✓ SITL 已就绪（EKF 绝对位置已锁定），监听 tcp:127.0.0.1:5760
  ■ ArduCopter SITL 已停止 (PID 20001)

[L2] 运行测试 REQ_CONS_001 ...
  ▶ ArduCopter SITL 启动中 (PID 20066) ...
  ✓ SITL 已就绪（EKF 绝对位置已锁定），监听 tcp:127.0.0.1:5760
  ■ ArduCopter SITL 已停止 (PID 20066)

[L2] 运行测试 REQ_SAFE_008 ...
  ▶ ArduCopter SITL 启动中 (PID 20283) ...
  ✓ SITL 已就绪（EKF 绝对位置已锁定），监听 tcp:127.0.0.1:5760
  ■ ArduCopter SITL 已停止 (PID 20283)
REQ_SAFE_004: PASS — 解锁被正确拒绝
REQ_SAFE_003: PASS — 模式已切换到 LAND
REQ_SAFE_006: PASS — servo7_raw=1000 within 1000±50
REQ_CONS_001: PASS — 模式已切换到 RTL
REQ_SAFE_008: PASS — servo7_raw=1000 within 1000±50
Safety verification: PARTIAL — 1 requirement(s) blocked by traceability mismatch; 5/5 executable L2 checks passed.

Wrote /Users/huangsongyi/VSCode/Prototyping/examples/output/reverify-instrument-5af6c666/sitl_feasibility_report.json
Wrote /Users/huangsongyi/VSCode/Prototyping/examples/output/reverify-instrument-5af6c666/sitl_feasibility_report.md
=== SITL exit=0 Sat Aug 29 23:44:15 BST 2026 ===
